// Jest Snapshot v1, https://goo.gl/fbAQLP

exports[`renders the component matches snapshot 1`] = `
<Modal
  onClose={[Function]}
  show="open"
>
  <div
    className="Modal-container open"
    onClick={[Function]}
    style={Object {}}
  >
    <RequestForm
      confirmEmail=""
      email=""
      error=""
      isPosting={false}
      name=""
      onClickSend={[Function]}
      setConfirmEmail={[Function]}
      setEmail={[Function]}
      setName={[Function]}
    >
      <div
        className="Modal-box request"
        onClick={[Function]}
      >
        <h1>
          Request an invite
        </h1>
        <div
          className="divider"
        />
        <div
          className="input-container"
        >
          <input
            className="box"
            disabled={false}
            onChange={[Function]}
            placeholder="Full Name"
            value=""
          />
        </div>
        <div
          className="input-container"
        >
          <input
            className="box"
            disabled={false}
            onChange={[Function]}
            placeholder="Email"
            value=""
          />
        </div>
        <div
          className="input-container"
        >
          <input
            className="box"
            disabled={false}
            onChange={[Function]}
            placeholder="Confirm Email"
            value=""
          />
        </div>
        <button
          className="box"
          disabled={false}
          onClick={[Function]}
        >
          Send
        </button>
        <div
          className="input-container error"
        />
      </div>
    </RequestForm>
  </div>
</Modal>
`;
